전체 행 5,077,228 · 양성 4,522 (0.08906%)

■ 각 설정의 원래 test 구간 (전부 데이터 끝에서 끝난다)
설정         test 시작          행수       양성       양성률   K(0.1%)    F1 천장
base     4,061,782   1,015,446    1,143  0.11256%     1,015    94.07
w40      3,046,336   2,030,892    2,225  0.10956%     2,031    95.44
w50      2,538,614   2,538,614    2,776  0.10935%     2,539    95.54

■ 공통 시험지 = base 의 test 구간: 행 4,061,782~5,077,227 (1,015,446행 · 양성 1,143 · K=1,015 · F1 천장 94.07)
  → 이 구간에서는 세 설정이 같은 K·같은 양성수·같은 천장으로 채점된다.

■ 재채점 결과
| 설정 | 원래 F1 | 공통 F1 | 원래 PR-AUC | 공통 PR-AUC | 공통 정밀도 | 공통 재현율 |
|---|---|---|---|---|---|---|
| base | 57.99 | **57.99** | 0.5809 | **0.5809** | 61.61 | 54.77 |
| w40 | 58.51 | **57.06** | 0.5906 | **0.5673** | 60.63 | 53.89 |
| w50 | 56.14 | **54.19** | 0.5609 | **0.5389** | 57.58 | 51.18 |

■ base 대비 차이 — 부호가 뒤집히는가
| 설정 | 원래 F1차 | 공통 F1차 | 원래 PR-AUC차 | 공통 PR-AUC차 | 부호 반전 |
|---|---|---|---|---|---|
| w40 | +0.52 | **-0.93** | +0.0097 | **-0.0136** | **예** |
| w50 | -1.85 | **-3.80** | -0.0200 | **-0.0420** | 아니오 |

※ val 축(Val PR-AUC)은 이 방법으로 못 고친다 — 세 val 구간은 겹치는 행이 0이다.
